Program Version,EnergyPlus, Version 9.5.0-de239b2e5f, YMD=2026.03.24 18:13,
   ** Warning ** Weather file location will be used rather than entered (IDF) Location object.
   **   ~~~   ** ..Location object=WEATHERDATA/SWE_ST_STOCKHOLM.024850_TMYX.2009-2023.EPW
   **   ~~~   ** ..Weather File Location=Stockholm ST SWE SRC-TMYx WMO#=024850
   **   ~~~   ** ..due to location differences, Latitude difference=[21.73] degrees, Longitude difference=[140.47] degrees.
   **   ~~~   ** ..Time Zone difference=[9.0] hour(s), Elevation difference=[2500.00] percent, [50.00] meters.
   ** Warning ** GetPollutionFactorInput: Requested reporting for Carbon Equivalent Pollution, but insufficient information is entered.
   **   ~~~   ** Both "FuelFactors" and "EnvironmentalImpactFactors" must be entered or the displayed carbon pollution will all be zero.
   ************* Testing Individual Branch Integrity
   ************* All Branches passed integrity testing
   ************* Testing Individual Supply Air Path Integrity
   ************* All Supply Air Paths passed integrity testing
   ************* Testing Individual Return Air Path Integrity
   ************* All Return Air Paths passed integrity testing
   ************* No node connection errors were found.
   ************* Beginning Simulation
   ** Severe  ** CheckWarmupConvergence: Loads Initialization, Zone="BLOCK_BUILD_1_ALT0_STOREY_2" did not converge after 25 warmup days.
   **   ~~~   ** See Warmup Convergence Information in .eio file for details.
   **   ~~~   ** ...Environment(RunPeriod)="RUN PERIOD 1"
   **   ~~~   ** ..Max Temp Comparison = 2.92E-003 vs Temperature Convergence Tolerance=0.40 - Pass Convergence
   **   ~~~   ** ..Min Temp Comparison = 6.36E-006 vs Temperature Convergence Tolerance=0.40 - Pass Convergence
   **   ~~~   ** ..Max Heat Load Comparison = 8.2040E-002 vs Loads Convergence Tolerance=4.00E-002 - Fail Convergence
   **   ~~~   ** ..Max Cool Load Comparison = 1.1900E-004 vs Loads Convergence Tolerance=4.00E-002 - Pass Convergence
   ** Warning ** Temperature out of range [-100. to 200.] (PsyPsatFnTemp)
   **   ~~~   **  Routine=PsyTwbFnTdbWPb, Environment=RUN PERIOD 1, at Simulation time=03/20 09:30 - 09:38
   **   ~~~   **  Input Temperature=-296.91
   ************* Simulation Error Summary *************
   ** Warning ** The following Report Variables were requested but not generated -- check.rdd file
   **   ~~~   ** Either the IDF did not contain these elements, the variable name is misspelled,
   **   ~~~   ** or the requested variable is an advanced output which requires Output : Diagnostics, DisplayAdvancedReportVariables;
   ************* Key=*, VarName=ZONE ELECTRIC EQUIPMENT ELECTRIC POWER, Frequency=Hourly
   ************* Key=*, VarName=FACILITY TOTAL PRODUCED ELECTRIC POWER, Frequency=Hourly
   ************* There are 1 unused objects in input.
   ************* Use Output:Diagnostics,DisplayUnusedObjects; to see them.
   ************* There are 1 unused schedules in input.
   ************* Use Output:Diagnostics,DisplayUnusedSchedules; to see them.
   *************
   ************* ===== Recurring Error Summary =====
   ************* The following recurring error messages occurred.
   *************
   *************  ** Warning ** Temperature out of range [-100. to 200.] (PsyPsatFnTemp)
   *************  **   ~~~   **   This error occurred 1 total times;
   *************  **   ~~~   **   during Warmup 0 times;
   *************  **   ~~~   **   during Sizing 0 times.
   *************  **   ~~~   **   Max=-296.913269 C  Min=-296.913269 C
   *************
   *************
   ************* ===== Final Error Summary =====
   ************* The following error categories occurred.  Consider correcting or noting.
   ************* Loads Initialization did not Converge
   ************* ..1) very high thermal mass such as very thick concrete (solution: increase max number of warmup
   ************* ..   days in the BUILDING object);
   ************* ..2) moderate mass and inadequate space conditioning such that the building keeps getting warmer
   ************* ..   and warmer on successive days (solution: add HVAC, check building thermal properties,
   ************* ..   check if infiltration is included, make sure HVAC properly controlled);
   ************* ..3) a soil layer modeled below the concrete slab - (solution remove this layer and read about
   ************* ..   ground temperatures in the Auxiliary Programs document).
   ************* ..4) unreasonable (too small) limits in the BUILDING object for temperature (.4 default) or
   ************* ..   loads tolerances (.04 default)
   *************
   ************* EnergyPlus Warmup Error Summary. During Warmup: 0 Warning; 1 Severe Errors.
   ************* EnergyPlus Sizing Error Summary. During Sizing: 0 Warning; 0 Severe Errors.
   ************* EnergyPlus Completed Successfully-- 4 Warning; 1 Severe Errors; Elapsed Time=00hr 00min 50.18sec
