Program Version,EnergyPlus, Version 9.5.0-de239b2e5f, YMD=2026.03.22 17:43,
   ** Warning ** GetPollutionFactorInput: Requested reporting for Carbon Equivalent Pollution, but insufficient information is entered.
   **   ~~~   ** Both "FuelFactors" and "EnvironmentalImpactFactors" must be entered or the displayed carbon pollution will all be zero.
   ************* Testing Individual Branch Integrity
   ************* All Branches passed integrity testing
   ************* Testing Individual Supply Air Path Integrity
   ************* All Supply Air Paths passed integrity testing
   ************* Testing Individual Return Air Path Integrity
   ************* All Return Air Paths passed integrity testing
   ************* No node connection errors were found.
   ************* Beginning Simulation
   ** Severe  ** CheckWarmupConvergence: Loads Initialization, Zone="BLOCK_BUILD_0_ALT0_STOREY_0" did not converge after 25 warmup days.
   **   ~~~   ** See Warmup Convergence Information in .eio file for details.
   **   ~~~   ** ...Environment(RunPeriod)="RUN PERIOD 1"
   **   ~~~   ** ..Max Temp Comparison = 1.56E-002 vs Temperature Convergence Tolerance=0.40 - Pass Convergence
   **   ~~~   ** ..Min Temp Comparison = 3.55E-015 vs Temperature Convergence Tolerance=0.40 - Pass Convergence
   **   ~~~   ** ..Max Heat Load Comparison = 4.3966E-003 vs Loads Convergence Tolerance=4.00E-002 - Pass Convergence
   **   ~~~   ** ..Max Cool Load Comparison = 9.2751E-002 vs Loads Convergence Tolerance=4.00E-002 - Fail Convergence
   ** Severe  ** CheckWarmupConvergence: Loads Initialization, Zone="BLOCK_BUILD_1_ALT0_STOREY_0" did not converge after 25 warmup days.
   **   ~~~   ** ...Environment(RunPeriod)="RUN PERIOD 1"
   **   ~~~   ** ..Max Temp Comparison = 1.03E-002 vs Temperature Convergence Tolerance=0.40 - Pass Convergence
   **   ~~~   ** ..Min Temp Comparison = 0.00 vs Temperature Convergence Tolerance=0.40 - Pass Convergence
   **   ~~~   ** ..Max Heat Load Comparison = 0.1310 vs Loads Convergence Tolerance=4.00E-002 - Fail Convergence
   **   ~~~   ** ..Max Cool Load Comparison = 5.5176E-002 vs Loads Convergence Tolerance=4.00E-002 - Fail Convergence
   ************* Simulation Error Summary *************
   ** Warning ** The following Report Variables were requested but not generated -- check.rdd file
   **   ~~~   ** Either the IDF did not contain these elements, the variable name is misspelled,
   **   ~~~   ** or the requested variable is an advanced output which requires Output : Diagnostics, DisplayAdvancedReportVariables;
   ************* Key=*, VarName=ZONE ELECTRIC EQUIPMENT ELECTRIC POWER, Frequency=Hourly
   ************* Key=*, VarName=FACILITY TOTAL PRODUCED ELECTRIC POWER, Frequency=Hourly
   ************* There are 1 unused objects in input.
   ************* Use Output:Diagnostics,DisplayUnusedObjects; to see them.
   ************* There are 1 unused schedules in input.
   ************* Use Output:Diagnostics,DisplayUnusedSchedules; to see them.
   *************
   ************* ===== Final Error Summary =====
   ************* The following error categories occurred.  Consider correcting or noting.
   ************* Loads Initialization did not Converge
   ************* ..1) very high thermal mass such as very thick concrete (solution: increase max number of warmup
   ************* ..   days in the BUILDING object);
   ************* ..2) moderate mass and inadequate space conditioning such that the building keeps getting warmer
   ************* ..   and warmer on successive days (solution: add HVAC, check building thermal properties,
   ************* ..   check if infiltration is included, make sure HVAC properly controlled);
   ************* ..3) a soil layer modeled below the concrete slab - (solution remove this layer and read about
   ************* ..   ground temperatures in the Auxiliary Programs document).
   ************* ..4) unreasonable (too small) limits in the BUILDING object for temperature (.4 default) or
   ************* ..   loads tolerances (.04 default)
   *************
   ************* EnergyPlus Warmup Error Summary. During Warmup: 0 Warning; 2 Severe Errors.
   ************* EnergyPlus Sizing Error Summary. During Sizing: 0 Warning; 0 Severe Errors.
   ************* EnergyPlus Completed Successfully-- 2 Warning; 2 Severe Errors; Elapsed Time=00hr 00min 17.74sec
