Program Version,EnergyPlus, Version 9.5.0-de239b2e5f, YMD=2025.11.25 12:58,
   ** Severe  ** GeneratorController constructor ElectricLoadCenter:Generators, invalid entry.
   **   ~~~   ** Invalid availability schedule = ALWAYS ON DISCRETE
   **   ~~~   ** Schedule was not found 
   ** Severe  ** GeneratorController constructor ElectricLoadCenter:Generators, invalid entry.
   **   ~~~   ** Invalid availability schedule = ALWAYS ON DISCRETE
   **   ~~~   ** Schedule was not found 
   ** Severe  ** GeneratorController constructor ElectricLoadCenter:Generators, invalid entry.
   **   ~~~   ** Invalid availability schedule = ALWAYS ON DISCRETE
   **   ~~~   ** Schedule was not found 
   ** Severe  ** GeneratorController constructor ElectricLoadCenter:Generators, invalid entry.
   **   ~~~   ** Invalid availability schedule = ALWAYS ON DISCRETE
   **   ~~~   ** Schedule was not found 
   ** Severe  ** GeneratorController constructor ElectricLoadCenter:Generators, invalid entry.
   **   ~~~   ** Invalid availability schedule = ALWAYS ON DISCRETE
   **   ~~~   ** Schedule was not found 
   ** Severe  ** GeneratorController constructor ElectricLoadCenter:Generators, invalid entry.
   **   ~~~   ** Invalid availability schedule = ALWAYS ON DISCRETE
   **   ~~~   ** Schedule was not found 
   ** Severe  ** GeneratorController constructor ElectricLoadCenter:Generators, invalid entry.
   **   ~~~   ** Invalid availability schedule = ALWAYS ON DISCRETE
   **   ~~~   ** Schedule was not found 
   ** Warning ** GetPollutionFactorInput: Requested reporting for Carbon Equivalent Pollution, but insufficient information is entered.
   **   ~~~   ** Both "FuelFactors" and "EnvironmentalImpactFactors" must be entered or the displayed carbon pollution will all be zero.
   ************* Testing Individual Branch Integrity
   ************* All Branches passed integrity testing
   ************* Testing Individual Supply Air Path Integrity
   ************* All Supply Air Paths passed integrity testing
   ************* Testing Individual Return Air Path Integrity
   ************* All Return Air Paths passed integrity testing
   ************* No node connection errors were found.
   ************* Beginning Simulation
   ************* Simulation Error Summary *************
   ** Warning ** The following Report Variables were requested but not generated -- check.rdd file
   **   ~~~   ** Either the IDF did not contain these elements, the variable name is misspelled,
   **   ~~~   ** or the requested variable is an advanced output which requires Output : Diagnostics, DisplayAdvancedReportVariables;
   ************* Key=*, VarName=ZONE ELECTRIC EQUIPMENT ELECTRIC POWER, Frequency=Annual
   ************* Key=*, VarName=ZONE AIR CO2 CONCENTRATION, Frequency=Annual
   ************* There are 1 unused objects in input.
   ************* Use Output:Diagnostics,DisplayUnusedObjects; to see them.
   ************* EnergyPlus Warmup Error Summary. During Warmup: 0 Warning; 0 Severe Errors.
   ************* EnergyPlus Sizing Error Summary. During Sizing: 0 Warning; 0 Severe Errors.
   ************* EnergyPlus Completed Successfully-- 2 Warning; 7 Severe Errors; Elapsed Time=00hr 00min 13.25sec
