Program Version,EnergyPlus, Version 9.5.0-de239b2e5f, YMD=2026.03.22 17:42,
   ** Warning ** GetPollutionFactorInput: Requested reporting for Carbon Equivalent Pollution, but insufficient information is entered.
   **   ~~~   ** Both "FuelFactors" and "EnvironmentalImpactFactors" must be entered or the displayed carbon pollution will all be zero.
   ************* Testing Individual Branch Integrity
   ************* All Branches passed integrity testing
   ************* Testing Individual Supply Air Path Integrity
   ************* All Supply Air Paths passed integrity testing
   ************* Testing Individual Return Air Path Integrity
   ************* All Return Air Paths passed integrity testing
   ************* No node connection errors were found.
   ************* Beginning Simulation
   ************* Simulation Error Summary *************
   ** Warning ** The following Report Variables were requested but not generated -- check.rdd file
   **   ~~~   ** Either the IDF did not contain these elements, the variable name is misspelled,
   **   ~~~   ** or the requested variable is an advanced output which requires Output : Diagnostics, DisplayAdvancedReportVariables;
   ************* Key=*, VarName=ZONE ELECTRIC EQUIPMENT ELECTRIC POWER, Frequency=Hourly
   ************* Key=*, VarName=FACILITY TOTAL PRODUCED ELECTRIC POWER, Frequency=Hourly
   ************* There are 1 unused objects in input.
   ************* Use Output:Diagnostics,DisplayUnusedObjects; to see them.
   ************* There are 1 unused schedules in input.
   ************* Use Output:Diagnostics,DisplayUnusedSchedules; to see them.
   ************* EnergyPlus Warmup Error Summary. During Warmup: 0 Warning; 0 Severe Errors.
   ************* EnergyPlus Sizing Error Summary. During Sizing: 0 Warning; 0 Severe Errors.
   ************* EnergyPlus Completed Successfully-- 2 Warning; 0 Severe Errors; Elapsed Time=00hr 00min 19.16sec
